#! /usr/bin/vvp
:ivl_version "12.0 (stable)";
:ivl_delay_selection "TYPICAL";
:vpi_time_precision - 12;
:vpi_module "/usr/lib/x86_64-linux-gnu/ivl/system.vpi";
:vpi_module "/usr/lib/x86_64-linux-gnu/ivl/vhdl_sys.vpi";
:vpi_module "/usr/lib/x86_64-linux-gnu/ivl/vhdl_textio.vpi";
:vpi_module "/usr/lib/x86_64-linux-gnu/ivl/v2005_math.vpi";
:vpi_module "/usr/lib/x86_64-linux-gnu/ivl/va_math.vpi";
:vpi_module "/usr/lib/x86_64-linux-gnu/ivl/v2009.vpi";
S_0x63e4fb917c10 .scope package, "$unit" "$unit" 2 1;
 .timescale 0 0;
S_0x63e4fb917890 .scope module, "spi_input_tb" "spi_input_tb" 3 4;
 .timescale -9 -12;
v0x63e4fb95c720_0 .net "MISO", 0 0, L_0x63e4fb96ddc0;  1 drivers
v0x63e4fb95c7e0_0 .var "MOSI", 0 0;
v0x63e4fb95c8b0_0 .var "SEL", 0 0;
v0x63e4fb95c9b0_0 .var/i "error_count", 31 0;
v0x63e4fb95ca50_0 .var "ico_clk", 0 0;
v0x63e4fb95cb40_0 .net "output_pin", 63 0, v0x63e4fb959b40_0;  1 drivers
v0x63e4fb95cc10_0 .var "pi_clk", 0 0;
v0x63e4fb95cce0_0 .net "pmod_MISO", 0 0, L_0x63e4fb91e210;  1 drivers
v0x63e4fb95cdb0_0 .net "pmod_MOSI", 0 0, L_0x63e4fb91c7f0;  1 drivers
v0x63e4fb95ce80_0 .net "pmod_piclk", 0 0, L_0x63e4fb930e80;  1 drivers
v0x63e4fb95cf50_0 .net "pmod_sel", 0 0, L_0x63e4fb91c4d0;  1 drivers
v0x63e4fb95d020_0 .net "pmod_sync", 0 0, L_0x63e4fb91bfe0;  1 drivers
v0x63e4fb95d0f0_0 .net "rpi_io10", 0 0, L_0x63e4fb96e4d0;  1 drivers
v0x63e4fb95d1c0_0 .net "rpi_io7", 0 0, L_0x63e4fb96e1a0;  1 drivers
v0x63e4fb95d290_0 .net "rpi_io8", 0 0, L_0x63e4fb96e290;  1 drivers
v0x63e4fb95d360_0 .net "rpi_io9", 0 0, L_0x63e4fb96e430;  1 drivers
v0x63e4fb95d430_0 .var/i "sync_events", 31 0;
E_0x63e4fb8f55a0 .event posedge, v0x63e4fb959fe0_0;
S_0x63e4fb91aa40 .scope begin, "$unm_blk_21" "$unm_blk_21" 3 175, 3 175 0, S_0x63e4fb917890;
 .timescale -9 -12;
v0x63e4fb91bc20_0 .var "read_data", 11 0;
E_0x63e4fb8f6690 .event posedge, v0x63e4fb9590e0_0;
S_0x63e4fb958170 .scope autotask, "check_rpi_ios" "check_rpi_ios" 3 115, 3 115 0, S_0x63e4fb917890;
 .timescale -9 -12;
v0x63e4fb91c100_0 .var "expected", 3 0;
v0x63e4fb91c5f0_0 .var "observed", 3 0;
TD_spi_input_tb.check_rpi_ios ;
    %wait E_0x63e4fb8f6690;
    %load/vec4 v0x63e4fb95d0f0_0;
    %load/vec4 v0x63e4fb95d360_0;
    %concat/vec4; draw_concat_vec4
    %load/vec4 v0x63e4fb95d290_0;
    %concat/vec4; draw_concat_vec4
    %load/vec4 v0x63e4fb95d1c0_0;
    %concat/vec4; draw_concat_vec4
    %store/vec4 v0x63e4fb91c5f0_0, 0, 4;
    %load/vec4 v0x63e4fb91c5f0_0;
    %load/vec4 v0x63e4fb91c100_0;
    %cmp/ne;
    %jmp/0xz  T_0.0, 6;
    %load/vec4 v0x63e4fb95c9b0_0;
    %addi 1, 0, 32;
    %store/vec4 v0x63e4fb95c9b0_0, 0, 32;
    %vpi_call/w 3 123 "$display", "[ERROR] rpi_io10:7 expected %h got %h", v0x63e4fb91c100_0, v0x63e4fb91c5f0_0 {0 0 0};
    %jmp T_0.1;
T_0.0 ;
    %vpi_call/w 3 125 "$display", "[INFO] rpi_io10:7 matched %h", v0x63e4fb91c100_0 {0 0 0};
T_0.1 ;
    %end;
S_0x63e4fb9583f0 .scope module, "dut" "spi_input" 3 25, 4 1 0, S_0x63e4fb917890;
 .timescale -9 -12;
    .port_info 0 /INPUT 1 "pi_clk";
    .port_info 1 /INPUT 1 "ico_clk";
    .port_info 2 /INPUT 1 "SEL";
    .port_info 3 /INPUT 1 "MOSI";
    .port_info 4 /OUTPUT 1 "MISO";
    .port_info 5 /OUTPUT 64 "output_pin";
    .port_info 6 /OUTPUT 1 "pmod_sync";
    .port_info 7 /OUTPUT 1 "pmod_sel";
    .port_info 8 /OUTPUT 1 "pmod_MOSI";
    .port_info 9 /OUTPUT 1 "pmod_MISO";
    .port_info 10 /OUTPUT 1 "pmod_piclk";
    .port_info 11 /OUTPUT 1 "rpi_io7";
    .port_info 12 /OUTPUT 1 "rpi_io8";
    .port_info 13 /OUTPUT 1 "rpi_io9";
    .port_info 14 /OUTPUT 1 "rpi_io10";
L_0x63e4fb91b000 .functor NOT 1, L_0x63e4fb95d980, C4<0>, C4<0>, C4<0>;
L_0x63e4fb91bfe0 .functor BUFZ 1, v0x63e4fb95a540_0, C4<0>, C4<0>, C4<0>;
L_0x63e4fb91c4d0 .functor BUFZ 1, v0x63e4fb95c8b0_0, C4<0>, C4<0>, C4<0>;
L_0x63e4fb91c7f0 .functor BUFZ 1, v0x63e4fb95c7e0_0, C4<0>, C4<0>, C4<0>;
L_0x63e4fb91e210 .functor BUFZ 1, L_0x63e4fb96ddc0, C4<0>, C4<0>, C4<0>;
L_0x63e4fb930e80 .functor BUFZ 1, v0x63e4fb95cc10_0, C4<0>, C4<0>, C4<0>;
v0x63e4fb91d0f0_0 .net "MISO", 0 0, L_0x63e4fb96ddc0;  alias, 1 drivers
v0x63e4fb91e740_0 .net "MOSI", 0 0, v0x63e4fb95c7e0_0;  1 drivers
v0x63e4fb930fa0_0 .net "MOSI_data", 0 0, L_0x63e4fb95daa0;  1 drivers
v0x63e4fb8ce590_0 .var "MOSIr", 1 0;
v0x63e4fb958650_0 .net "SEL", 0 0, v0x63e4fb95c8b0_0;  1 drivers
v0x63e4fb958760_0 .net "SEL_active", 0 0, L_0x63e4fb91b000;  1 drivers
v0x63e4fb958820_0 .var "SELr", 2 0;
v0x63e4fb958900_0 .net *"_ivl_1", 1 0, L_0x63e4fb95d4d0;  1 drivers
v0x63e4fb9589e0_0 .net *"_ivl_13", 0 0, L_0x63e4fb95d980;  1 drivers
L_0x76c16fe400a8 .functor BUFT 1, C4<000000000000000000001100>, C4<0>, C4<0>, C4<0>;
v0x63e4fb958ac0_0 .net/2u *"_ivl_18", 23 0, L_0x76c16fe400a8;  1 drivers
L_0x76c16fe40018 .functor BUFT 1, C4<01>, C4<0>, C4<0>, C4<0>;
v0x63e4fb958ba0_0 .net/2u *"_ivl_2", 1 0, L_0x76c16fe40018;  1 drivers
v0x63e4fb958c80_0 .net *"_ivl_7", 1 0, L_0x63e4fb95d720;  1 drivers
L_0x76c16fe40060 .functor BUFT 1, C4<10>, C4<0>, C4<0>, C4<0>;
v0x63e4fb958d60_0 .net/2u *"_ivl_8", 1 0, L_0x76c16fe40060;  1 drivers
v0x63e4fb958e40_0 .var "bit_count", 23 0;
v0x63e4fb958f20_0 .var "byte_data_received", 11 0;
v0x63e4fb959000_0 .var "byte_data_send", 11 0;
v0x63e4fb9590e0_0 .net "ico_clk", 0 0, v0x63e4fb95ca50_0;  1 drivers
v0x63e4fb9591a0 .array "mem", 63 0, 3 0;
v0x63e4fb959a60_0 .var "message", 11 0;
v0x63e4fb959b40_0 .var "output_pin", 63 0;
v0x63e4fb959c20_0 .net "pi_clk", 0 0, v0x63e4fb95cc10_0;  1 drivers
v0x63e4fb959ce0_0 .net "pmod_MISO", 0 0, L_0x63e4fb91e210;  alias, 1 drivers
v0x63e4fb959da0_0 .net "pmod_MOSI", 0 0, L_0x63e4fb91c7f0;  alias, 1 drivers
v0x63e4fb959e60_0 .net "pmod_piclk", 0 0, L_0x63e4fb930e80;  alias, 1 drivers
v0x63e4fb959f20_0 .net "pmod_sel", 0 0, L_0x63e4fb91c4d0;  alias, 1 drivers
v0x63e4fb959fe0_0 .net "pmod_sync", 0 0, L_0x63e4fb91bfe0;  alias, 1 drivers
v0x63e4fb95a0a0_0 .var "rd_addr", 1 0;
v0x63e4fb95a180_0 .net "ready_to_send", 0 0, L_0x63e4fb96dc20;  1 drivers
v0x63e4fb95a240_0 .net "rpi_io10", 0 0, L_0x63e4fb96e4d0;  alias, 1 drivers
v0x63e4fb95a300_0 .net "rpi_io7", 0 0, L_0x63e4fb96e1a0;  alias, 1 drivers
v0x63e4fb95a3c0_0 .net "rpi_io8", 0 0, L_0x63e4fb96e290;  alias, 1 drivers
v0x63e4fb95a480_0 .net "rpi_io9", 0 0, L_0x63e4fb96e430;  alias, 1 drivers
v0x63e4fb95a540_0 .var "sync", 0 0;
v0x63e4fb95a810_0 .var "sync_clk", 2 0;
v0x63e4fb95a8f0_0 .net "sync_clk_falling", 0 0, L_0x63e4fb95d810;  1 drivers
v0x63e4fb95a9b0_0 .net "sync_clk_rising", 0 0, L_0x63e4fb95d600;  1 drivers
L_0x63e4fb95d4d0 .part v0x63e4fb95a810_0, 1, 2;
L_0x63e4fb95d600 .cmp/eq 2, L_0x63e4fb95d4d0, L_0x76c16fe40018;
L_0x63e4fb95d720 .part v0x63e4fb95a810_0, 1, 2;
L_0x63e4fb95d810 .cmp/eq 2, L_0x63e4fb95d720, L_0x76c16fe40060;
L_0x63e4fb95d980 .part v0x63e4fb958820_0, 1, 1;
L_0x63e4fb95daa0 .part v0x63e4fb8ce590_0, 1, 1;
L_0x63e4fb96dc20 .cmp/eq 24, v0x63e4fb958e40_0, L_0x76c16fe400a8;
L_0x63e4fb96ddc0 .part v0x63e4fb959000_0, 11, 1;
v0x63e4fb9591a0_0 .array/port v0x63e4fb9591a0, 0;
L_0x63e4fb96e1a0 .part v0x63e4fb9591a0_0, 0, 1;
L_0x63e4fb96e290 .part v0x63e4fb9591a0_0, 1, 1;
L_0x63e4fb96e430 .part v0x63e4fb9591a0_0, 2, 1;
L_0x63e4fb96e4d0 .part v0x63e4fb9591a0_0, 3, 1;
S_0x63e4fb95ac50 .scope autotask, "sample_output_pin" "sample_output_pin" 3 130, 3 130 0, S_0x63e4fb917890;
 .timescale -9 -12;
v0x63e4fb95ae20_0 .var "captured", 3 0;
v0x63e4fb95af20_0 .var "expected", 3 0;
v0x63e4fb95b000_0 .var/i "idx", 31 0;
v0x63e4fb95b0c0_0 .var/i "which", 31 0;
E_0x63e4fb8f6120 .event negedge, v0x63e4fb9590e0_0;
TD_spi_input_tb.sample_output_pin ;
    %pushi/vec4 0, 0, 4;
    %store/vec4 v0x63e4fb95ae20_0, 0, 4;
    %pushi/vec4 0, 0, 32;
    %store/vec4 v0x63e4fb95b000_0, 0, 32;
T_1.2 ;
    %load/vec4 v0x63e4fb95b000_0;
    %cmpi/s 4, 0, 32;
    %jmp/0xz T_1.3, 5;
T_1.4 ;
    %load/vec4 v0x63e4fb95a0a0_0;
    %pad/u 32;
    %load/vec4 v0x63e4fb95b000_0;
    %cmp/ne;
    %jmp/0xz T_1.5, 4;
    %wait E_0x63e4fb8f6690;
    %jmp T_1.4;
T_1.5 ;
    %wait E_0x63e4fb8f6120;
    %load/vec4 v0x63e4fb95cb40_0;
    %load/vec4 v0x63e4fb95b0c0_0;
    %part/s 1;
    %ix/getv/s 4, v0x63e4fb95b000_0;
    %store/vec4 v0x63e4fb95ae20_0, 4, 1;
    %load/vec4 v0x63e4fb95b000_0;
    %addi 1, 0, 32;
    %store/vec4 v0x63e4fb95b000_0, 0, 32;
    %jmp T_1.2;
T_1.3 ;
    %load/vec4 v0x63e4fb95ae20_0;
    %load/vec4 v0x63e4fb95af20_0;
    %cmp/ne;
    %jmp/0xz  T_1.6, 6;
    %load/vec4 v0x63e4fb95c9b0_0;
    %addi 1, 0, 32;
    %store/vec4 v0x63e4fb95c9b0_0, 0, 32;
    %vpi_call/w 3 144 "$display", "[ERROR] output_pin[%0d] expected nibble %h got %h", v0x63e4fb95b0c0_0, v0x63e4fb95af20_0, v0x63e4fb95ae20_0 {0 0 0};
    %jmp T_1.7;
T_1.6 ;
    %vpi_call/w 3 146 "$display", "[INFO] output_pin[%0d] matched nibble %h", v0x63e4fb95b0c0_0, v0x63e4fb95af20_0 {0 0 0};
T_1.7 ;
    %end;
S_0x63e4fb95b1a0 .scope autotask, "shift_bit" "shift_bit" 3 53, 3 53 0, S_0x63e4fb917890;
 .timescale -9 -12;
v0x63e4fb95b3d0_0 .var "capture", 0 0;
v0x63e4fb95b4b0_0 .var "miso_sample", 0 0;
v0x63e4fb95b570_0 .var "mosi_drive", 0 0;
TD_spi_input_tb.shift_bit ;
    %pushi/vec4 0, 0, 1;
    %store/vec4 v0x63e4fb95b4b0_0, 0, 1;
    %load/vec4 v0x63e4fb95b570_0;
    %assign/vec4 v0x63e4fb95c7e0_0, 0;
    %pushi/vec4 2, 0, 32;
T_2.8 %dup/vec4;
    %pushi/vec4 0, 0, 32;
    %cmp/s;
    %jmp/1xz T_2.9, 5;
    %jmp/1 T_2.9, 4;
    %pushi/vec4 1, 0, 32;
    %sub;
    %wait E_0x63e4fb8f6690;
    %jmp T_2.8;
T_2.9 ;
    %pop/vec4 1;
    %pushi/vec4 1, 0, 1;
    %assign/vec4 v0x63e4fb95cc10_0, 0;
    %pushi/vec4 2, 0, 32;
T_2.10 %dup/vec4;
    %pushi/vec4 0, 0, 32;
    %cmp/s;
    %jmp/1xz T_2.11, 5;
    %jmp/1 T_2.11, 4;
    %pushi/vec4 1, 0, 32;
    %sub;
    %wait E_0x63e4fb8f6690;
    %jmp T_2.10;
T_2.11 ;
    %pop/vec4 1;
    %pushi/vec4 0, 0, 1;
    %assign/vec4 v0x63e4fb95cc10_0, 0;
    %wait E_0x63e4fb8f6690;
    %load/vec4 v0x63e4fb95b3d0_0;
    %flag_set/vec4 8;
    %jmp/0xz  T_2.12, 8;
    %load/vec4 v0x63e4fb95c720_0;
    %store/vec4 v0x63e4fb95b4b0_0, 0, 1;
T_2.12 ;
    %wait E_0x63e4fb8f6690;
    %end;
S_0x63e4fb95b610 .scope autotask, "spi_read" "spi_read" 3 105, 3 105 0, S_0x63e4fb917890;
 .timescale -9 -12;
v0x63e4fb95b7f0_0 .var "addr", 5 0;
v0x63e4fb95b8f0_0 .var "cmd", 11 0;
v0x63e4fb95b9d0_0 .var "data", 11 0;
TD_spi_input_tb.spi_read ;
    %load/vec4 v0x63e4fb95b7f0_0;
    %concati/vec4 1, 0, 2;
    %concati/vec4 0, 0, 4;
    %store/vec4 v0x63e4fb95b8f0_0, 0, 12;
    %alloc S_0x63e4fb95ba90;
    %load/vec4 v0x63e4fb95b8f0_0;
    %store/vec4 v0x63e4fb95bfb0_0, 0, 12;
    %pushi/vec4 12, 0, 32;
    %store/vec4 v0x63e4fb95c0e0_0, 0, 32;
    %fork TD_spi_input_tb.spi_transfer, S_0x63e4fb95ba90;
    %join;
    %load/vec4 v0x63e4fb95bed0_0;
    %store/vec4 v0x63e4fb95b9d0_0, 0, 12;
    %free S_0x63e4fb95ba90;
    %end;
S_0x63e4fb95ba90 .scope autotask, "spi_transfer" "spi_transfer" 3 71, 3 71 0, S_0x63e4fb917890;
 .timescale -9 -12;
v0x63e4fb95bc70_0 .var "capture_bit", 0 0;
v0x63e4fb95bd50_0 .var "dummy_bit", 0 0;
v0x63e4fb95be10_0 .var/i "idx", 31 0;
v0x63e4fb95bed0_0 .var "miso_word", 11 0;
v0x63e4fb95bfb0_0 .var "payload", 11 0;
v0x63e4fb95c0e0_0 .var/i "read_bits", 31 0;
TD_spi_input_tb.spi_transfer ;
    %pushi/vec4 0, 0, 12;
    %store/vec4 v0x63e4fb95bed0_0, 0, 12;
    %pushi/vec4 0, 0, 1;
    %assign/vec4 v0x63e4fb95c8b0_0, 0;
    %pushi/vec4 4, 0, 32;
T_4.14 %dup/vec4;
    %pushi/vec4 0, 0, 32;
    %cmp/s;
    %jmp/1xz T_4.15, 5;
    %jmp/1 T_4.15, 4;
    %pushi/vec4 1, 0, 32;
    %sub;
    %wait E_0x63e4fb8f6690;
    %jmp T_4.14;
T_4.15 ;
    %pop/vec4 1;
    %pushi/vec4 11, 0, 32;
    %store/vec4 v0x63e4fb95be10_0, 0, 32;
T_4.16 ;
    %load/vec4 v0x63e4fb95be10_0;
    %cmpi/s 0, 0, 32;
    %flag_inv 5; GE is !LT
    %jmp/0xz T_4.17, 5;
    %alloc S_0x63e4fb95b1a0;
    %load/vec4 v0x63e4fb95bfb0_0;
    %load/vec4 v0x63e4fb95be10_0;
    %part/s 1;
    %store/vec4 v0x63e4fb95b570_0, 0, 1;
    %pushi/vec4 0, 0, 1;
    %store/vec4 v0x63e4fb95b3d0_0, 0, 1;
    %fork TD_spi_input_tb.shift_bit, S_0x63e4fb95b1a0;
    %join;
    %load/vec4 v0x63e4fb95b4b0_0;
    %store/vec4 v0x63e4fb95bd50_0, 0, 1;
    %free S_0x63e4fb95b1a0;
    %load/vec4 v0x63e4fb95be10_0;
    %subi 1, 0, 32;
    %store/vec4 v0x63e4fb95be10_0, 0, 32;
    %jmp T_4.16;
T_4.17 ;
    %load/vec4 v0x63e4fb95c0e0_0;
    %subi 1, 0, 32;
    %store/vec4 v0x63e4fb95be10_0, 0, 32;
T_4.18 ;
    %load/vec4 v0x63e4fb95be10_0;
    %cmpi/s 0, 0, 32;
    %flag_inv 5; GE is !LT
    %jmp/0xz T_4.19, 5;
    %alloc S_0x63e4fb95b1a0;
    %pushi/vec4 0, 0, 1;
    %store/vec4 v0x63e4fb95b570_0, 0, 1;
    %pushi/vec4 1, 0, 1;
    %store/vec4 v0x63e4fb95b3d0_0, 0, 1;
    %fork TD_spi_input_tb.shift_bit, S_0x63e4fb95b1a0;
    %join;
    %load/vec4 v0x63e4fb95b4b0_0;
    %store/vec4 v0x63e4fb95bc70_0, 0, 1;
    %free S_0x63e4fb95b1a0;
    %load/vec4 v0x63e4fb95bc70_0;
    %ix/getv/s 4, v0x63e4fb95be10_0;
    %store/vec4 v0x63e4fb95bed0_0, 4, 1;
    %load/vec4 v0x63e4fb95be10_0;
    %subi 1, 0, 32;
    %store/vec4 v0x63e4fb95be10_0, 0, 32;
    %jmp T_4.18;
T_4.19 ;
    %pushi/vec4 1, 0, 1;
    %assign/vec4 v0x63e4fb95c8b0_0, 0;
    %pushi/vec4 6, 0, 32;
T_4.20 %dup/vec4;
    %pushi/vec4 0, 0, 32;
    %cmp/s;
    %jmp/1xz T_4.21, 5;
    %jmp/1 T_4.21, 4;
    %pushi/vec4 1, 0, 32;
    %sub;
    %wait E_0x63e4fb8f6690;
    %jmp T_4.20;
T_4.21 ;
    %pop/vec4 1;
    %end;
S_0x63e4fb95c1c0 .scope autotask, "spi_write" "spi_write" 3 94, 3 94 0, S_0x63e4fb917890;
 .timescale -9 -12;
v0x63e4fb95c3a0_0 .var "addr", 5 0;
v0x63e4fb95c4a0_0 .var "cmd", 11 0;
v0x63e4fb95c580_0 .var "data", 3 0;
v0x63e4fb95c640_0 .var "unused", 11 0;
TD_spi_input_tb.spi_write ;
    %load/vec4 v0x63e4fb95c3a0_0;
    %concati/vec4 0, 0, 2;
    %load/vec4 v0x63e4fb95c580_0;
    %concat/vec4; draw_concat_vec4
    %store/vec4 v0x63e4fb95c4a0_0, 0, 12;
    %alloc S_0x63e4fb95ba90;
    %load/vec4 v0x63e4fb95c4a0_0;
    %store/vec4 v0x63e4fb95bfb0_0, 0, 12;
    %pushi/vec4 0, 0, 32;
    %store/vec4 v0x63e4fb95c0e0_0, 0, 32;
    %fork TD_spi_input_tb.spi_transfer, S_0x63e4fb95ba90;
    %join;
    %load/vec4 v0x63e4fb95bed0_0;
    %store/vec4 v0x63e4fb95c640_0, 0, 12;
    %free S_0x63e4fb95ba90;
    %end;
    .scope S_0x63e4fb9583f0;
T_6 ;
    %pushi/vec4 0, 0, 3;
    %store/vec4 v0x63e4fb95a810_0, 0, 3;
    %pushi/vec4 7, 0, 3;
    %store/vec4 v0x63e4fb958820_0, 0, 3;
    %pushi/vec4 0, 0, 2;
    %store/vec4 v0x63e4fb8ce590_0, 0, 2;
    %pushi/vec4 0, 0, 24;
    %store/vec4 v0x63e4fb958e40_0, 0, 24;
    %pushi/vec4 0, 0, 12;
    %store/vec4 v0x63e4fb958f20_0, 0, 12;
    %pushi/vec4 0, 0, 12;
    %store/vec4 v0x63e4fb959000_0, 0, 12;
    %pushi/vec4 0, 0, 12;
    %store/vec4 v0x63e4fb959a60_0, 0, 12;
    %pushi/vec4 0, 0, 1;
    %store/vec4 v0x63e4fb95a540_0, 0, 1;
    %pushi/vec4 0, 0, 2;
    %store/vec4 v0x63e4fb95a0a0_0, 0, 2;
    %end;
    .thread T_6, $init;
    .scope S_0x63e4fb9583f0;
T_7 ;
    %wait E_0x63e4fb8f6690;
    %load/vec4 v0x63e4fb95a810_0;
    %parti/s 2, 0, 2;
    %load/vec4 v0x63e4fb959c20_0;
    %concat/vec4; draw_concat_vec4
    %assign/vec4 v0x63e4fb95a810_0, 0;
    %jmp T_7;
    .thread T_7;
    .scope S_0x63e4fb9583f0;
T_8 ;
    %wait E_0x63e4fb8f6690;
    %load/vec4 v0x63e4fb958820_0;
    %parti/s 2, 0, 2;
    %load/vec4 v0x63e4fb958650_0;
    %concat/vec4; draw_concat_vec4
    %assign/vec4 v0x63e4fb958820_0, 0;
    %jmp T_8;
    .thread T_8;
    .scope S_0x63e4fb9583f0;
T_9 ;
    %wait E_0x63e4fb8f6690;
    %load/vec4 v0x63e4fb8ce590_0;
    %parti/s 1, 0, 2;
    %load/vec4 v0x63e4fb91e740_0;
    %concat/vec4; draw_concat_vec4
    %assign/vec4 v0x63e4fb8ce590_0, 0;
    %jmp T_9;
    .thread T_9;
    .scope S_0x63e4fb9583f0;
T_10 ;
    %wait E_0x63e4fb8f6690;
    %load/vec4 v0x63e4fb958760_0;
    %inv;
    %flag_set/vec4 8;
    %jmp/0xz  T_10.0, 8;
    %pushi/vec4 0, 0, 24;
    %assign/vec4 v0x63e4fb958e40_0, 0;
    %jmp T_10.1;
T_10.0 ;
    %load/vec4 v0x63e4fb95a9b0_0;
    %flag_set/vec4 8;
    %jmp/0xz  T_10.2, 8;
    %load/vec4 v0x63e4fb958e40_0;
    %addi 1, 0, 24;
    %assign/vec4 v0x63e4fb958e40_0, 0;
    %load/vec4 v0x63e4fb958f20_0;
    %parti/s 11, 0, 2;
    %load/vec4 v0x63e4fb930fa0_0;
    %concat/vec4; draw_concat_vec4
    %assign/vec4 v0x63e4fb958f20_0, 0;
T_10.2 ;
T_10.1 ;
    %jmp T_10;
    .thread T_10;
    .scope S_0x63e4fb9583f0;
T_11 ;
    %wait E_0x63e4fb8f6690;
    %load/vec4 v0x63e4fb958760_0;
    %inv;
    %flag_set/vec4 8;
    %jmp/0xz  T_11.0, 8;
    %pushi/vec4 0, 0, 12;
    %assign/vec4 v0x63e4fb959000_0, 0;
    %jmp T_11.1;
T_11.0 ;
    %load/vec4 v0x63e4fb95a180_0;
    %flag_set/vec4 8;
    %jmp/0xz  T_11.2, 8;
    %load/vec4 v0x63e4fb958f20_0;
    %assign/vec4 v0x63e4fb959000_0, 0;
    %load/vec4 v0x63e4fb958f20_0;
    %assign/vec4 v0x63e4fb959a60_0, 0;
    %load/vec4 v0x63e4fb958f20_0;
    %parti/s 2, 4, 4;
    %cmpi/e 0, 0, 2;
    %jmp/0xz  T_11.4, 4;
    %load/vec4 v0x63e4fb958f20_0;
    %parti/s 4, 0, 2;
    %load/vec4 v0x63e4fb958f20_0;
    %parti/s 6, 6, 4;
    %pad/u 8;
    %ix/vec4 3;
    %ix/load 4, 0, 0; Constant delay
    %assign/vec4/a/d v0x63e4fb9591a0, 0, 4;
T_11.4 ;
    %load/vec4 v0x63e4fb958f20_0;
    %parti/s 2, 4, 4;
    %cmpi/e 1, 0, 2;
    %jmp/0xz  T_11.6, 4;
    %load/vec4 v0x63e4fb958f20_0;
    %parti/s 6, 6, 4;
    %pad/u 8;
    %ix/vec4 4;
    %load/vec4a v0x63e4fb9591a0, 4;
    %pad/u 12;
    %assign/vec4 v0x63e4fb959000_0, 0;
T_11.6 ;
T_11.2 ;
    %load/vec4 v0x63e4fb95a8f0_0;
    %flag_set/vec4 9;
    %flag_get/vec4 9;
    %jmp/0 T_11.10, 9;
    %pushi/vec4 12, 0, 24;
    %load/vec4 v0x63e4fb958e40_0;
    %cmp/u;
    %flag_get/vec4 4;
    %flag_get/vec4 5;
    %or;
    %and;
T_11.10;
    %flag_set/vec4 8;
    %jmp/0xz  T_11.8, 8;
    %load/vec4 v0x63e4fb959000_0;
    %parti/s 11, 0, 2;
    %concati/vec4 0, 0, 1;
    %assign/vec4 v0x63e4fb959000_0, 0;
T_11.8 ;
T_11.1 ;
    %jmp T_11;
    .thread T_11;
    .scope S_0x63e4fb9583f0;
T_12 ;
    %wait E_0x63e4fb8f6690;
    %pushi/vec4 0, 0, 1;
    %assign/vec4 v0x63e4fb95a540_0, 0;
    %load/vec4 v0x63e4fb95a0a0_0;
    %cmpi/u 3, 0, 2;
    %jmp/0xz  T_12.0, 5;
    %load/vec4 v0x63e4fb95a0a0_0;
    %addi 1, 0, 2;
    %assign/vec4 v0x63e4fb95a0a0_0, 0;
    %jmp T_12.1;
T_12.0 ;
    %pushi/vec4 0, 0, 2;
    %assign/vec4 v0x63e4fb95a0a0_0, 0;
    %pushi/vec4 1, 0, 1;
    %assign/vec4 v0x63e4fb95a540_0, 0;
T_12.1 ;
    %ix/load 4, 0, 0;
    %flag_set/imm 4, 0;
    %load/vec4a v0x63e4fb9591a0, 4;
    %load/vec4 v0x63e4fb95a0a0_0;
    %part/u 1;
    %ix/load 4, 0, 0;
    %ix/load 5, 0, 0;
    %flag_set/imm 4, 0;
    %assign/vec4/off/d v0x63e4fb959b40_0, 4, 5;
    %ix/load 4, 1, 0;
    %flag_set/imm 4, 0;
    %load/vec4a v0x63e4fb9591a0, 4;
    %load/vec4 v0x63e4fb95a0a0_0;
    %part/u 1;
    %ix/load 4, 1, 0;
    %ix/load 5, 0, 0;
    %flag_set/imm 4, 0;
    %assign/vec4/off/d v0x63e4fb959b40_0, 4, 5;
    %ix/load 4, 2, 0;
    %flag_set/imm 4, 0;
    %load/vec4a v0x63e4fb9591a0, 4;
    %load/vec4 v0x63e4fb95a0a0_0;
    %part/u 1;
    %ix/load 4, 2, 0;
    %ix/load 5, 0, 0;
    %flag_set/imm 4, 0;
    %assign/vec4/off/d v0x63e4fb959b40_0, 4, 5;
    %ix/load 4, 3, 0;
    %flag_set/imm 4, 0;
    %load/vec4a v0x63e4fb9591a0, 4;
    %load/vec4 v0x63e4fb95a0a0_0;
    %part/u 1;
    %ix/load 4, 3, 0;
    %ix/load 5, 0, 0;
    %flag_set/imm 4, 0;
    %assign/vec4/off/d v0x63e4fb959b40_0, 4, 5;
    %ix/load 4, 4, 0;
    %flag_set/imm 4, 0;
    %load/vec4a v0x63e4fb9591a0, 4;
    %load/vec4 v0x63e4fb95a0a0_0;
    %part/u 1;
    %ix/load 4, 4, 0;
    %ix/load 5, 0, 0;
    %flag_set/imm 4, 0;
    %assign/vec4/off/d v0x63e4fb959b40_0, 4, 5;
    %ix/load 4, 5, 0;
    %flag_set/imm 4, 0;
    %load/vec4a v0x63e4fb9591a0, 4;
    %load/vec4 v0x63e4fb95a0a0_0;
    %part/u 1;
    %ix/load 4, 5, 0;
    %ix/load 5, 0, 0;
    %flag_set/imm 4, 0;
    %assign/vec4/off/d v0x63e4fb959b40_0, 4, 5;
    %ix/load 4, 6, 0;
    %flag_set/imm 4, 0;
    %load/vec4a v0x63e4fb9591a0, 4;
    %load/vec4 v0x63e4fb95a0a0_0;
    %part/u 1;
    %ix/load 4, 6, 0;
    %ix/load 5, 0, 0;
    %flag_set/imm 4, 0;
    %assign/vec4/off/d v0x63e4fb959b40_0, 4, 5;
    %ix/load 4, 7, 0;
    %flag_set/imm 4, 0;
    %load/vec4a v0x63e4fb9591a0, 4;
    %load/vec4 v0x63e4fb95a0a0_0;
    %part/u 1;
    %ix/load 4, 7, 0;
    %ix/load 5, 0, 0;
    %flag_set/imm 4, 0;
    %assign/vec4/off/d v0x63e4fb959b40_0, 4, 5;
    %ix/load 4, 8, 0;
    %flag_set/imm 4, 0;
    %load/vec4a v0x63e4fb9591a0, 4;
    %load/vec4 v0x63e4fb95a0a0_0;
    %part/u 1;
    %ix/load 4, 8, 0;
    %ix/load 5, 0, 0;
    %flag_set/imm 4, 0;
    %assign/vec4/off/d v0x63e4fb959b40_0, 4, 5;
    %ix/load 4, 9, 0;
    %flag_set/imm 4, 0;
    %load/vec4a v0x63e4fb9591a0, 4;
    %load/vec4 v0x63e4fb95a0a0_0;
    %part/u 1;
    %ix/load 4, 9, 0;
    %ix/load 5, 0, 0;
    %flag_set/imm 4, 0;
    %assign/vec4/off/d v0x63e4fb959b40_0, 4, 5;
    %ix/load 4, 10, 0;
    %flag_set/imm 4, 0;
    %load/vec4a v0x63e4fb9591a0, 4;
    %load/vec4 v0x63e4fb95a0a0_0;
    %part/u 1;
    %ix/load 4, 10, 0;
    %ix/load 5, 0, 0;
    %flag_set/imm 4, 0;
    %assign/vec4/off/d v0x63e4fb959b40_0, 4, 5;
    %ix/load 4, 11, 0;
    %flag_set/imm 4, 0;
    %load/vec4a v0x63e4fb9591a0, 4;
    %load/vec4 v0x63e4fb95a0a0_0;
    %part/u 1;
    %ix/load 4, 11, 0;
    %ix/load 5, 0, 0;
    %flag_set/imm 4, 0;
    %assign/vec4/off/d v0x63e4fb959b40_0, 4, 5;
    %ix/load 4, 12, 0;
    %flag_set/imm 4, 0;
    %load/vec4a v0x63e4fb9591a0, 4;
    %load/vec4 v0x63e4fb95a0a0_0;
    %part/u 1;
    %ix/load 4, 12, 0;
    %ix/load 5, 0, 0;
    %flag_set/imm 4, 0;
    %assign/vec4/off/d v0x63e4fb959b40_0, 4, 5;
    %ix/load 4, 13, 0;
    %flag_set/imm 4, 0;
    %load/vec4a v0x63e4fb9591a0, 4;
    %load/vec4 v0x63e4fb95a0a0_0;
    %part/u 1;
    %ix/load 4, 13, 0;
    %ix/load 5, 0, 0;
    %flag_set/imm 4, 0;
    %assign/vec4/off/d v0x63e4fb959b40_0, 4, 5;
    %ix/load 4, 14, 0;
    %flag_set/imm 4, 0;
    %load/vec4a v0x63e4fb9591a0, 4;
    %load/vec4 v0x63e4fb95a0a0_0;
    %part/u 1;
    %ix/load 4, 14, 0;
    %ix/load 5, 0, 0;
    %flag_set/imm 4, 0;
    %assign/vec4/off/d v0x63e4fb959b40_0, 4, 5;
    %ix/load 4, 15, 0;
    %flag_set/imm 4, 0;
    %load/vec4a v0x63e4fb9591a0, 4;
    %load/vec4 v0x63e4fb95a0a0_0;
    %part/u 1;
    %ix/load 4, 15, 0;
    %ix/load 5, 0, 0;
    %flag_set/imm 4, 0;
    %assign/vec4/off/d v0x63e4fb959b40_0, 4, 5;
    %ix/load 4, 16, 0;
    %flag_set/imm 4, 0;
    %load/vec4a v0x63e4fb9591a0, 4;
    %load/vec4 v0x63e4fb95a0a0_0;
    %part/u 1;
    %ix/load 4, 16, 0;
    %ix/load 5, 0, 0;
    %flag_set/imm 4, 0;
    %assign/vec4/off/d v0x63e4fb959b40_0, 4, 5;
    %ix/load 4, 17, 0;
    %flag_set/imm 4, 0;
    %load/vec4a v0x63e4fb9591a0, 4;
    %load/vec4 v0x63e4fb95a0a0_0;
    %part/u 1;
    %ix/load 4, 17, 0;
    %ix/load 5, 0, 0;
    %flag_set/imm 4, 0;
    %assign/vec4/off/d v0x63e4fb959b40_0, 4, 5;
    %ix/load 4, 18, 0;
    %flag_set/imm 4, 0;
    %load/vec4a v0x63e4fb9591a0, 4;
    %load/vec4 v0x63e4fb95a0a0_0;
    %part/u 1;
    %ix/load 4, 18, 0;
    %ix/load 5, 0, 0;
    %flag_set/imm 4, 0;
    %assign/vec4/off/d v0x63e4fb959b40_0, 4, 5;
    %ix/load 4, 19, 0;
    %flag_set/imm 4, 0;
    %load/vec4a v0x63e4fb9591a0, 4;
    %load/vec4 v0x63e4fb95a0a0_0;
    %part/u 1;
    %ix/load 4, 19, 0;
    %ix/load 5, 0, 0;
    %flag_set/imm 4, 0;
    %assign/vec4/off/d v0x63e4fb959b40_0, 4, 5;
    %ix/load 4, 20, 0;
    %flag_set/imm 4, 0;
    %load/vec4a v0x63e4fb9591a0, 4;
    %load/vec4 v0x63e4fb95a0a0_0;
    %part/u 1;
    %ix/load 4, 20, 0;
    %ix/load 5, 0, 0;
    %flag_set/imm 4, 0;
    %assign/vec4/off/d v0x63e4fb959b40_0, 4, 5;
    %ix/load 4, 21, 0;
    %flag_set/imm 4, 0;
    %load/vec4a v0x63e4fb9591a0, 4;
    %load/vec4 v0x63e4fb95a0a0_0;
    %part/u 1;
    %ix/load 4, 21, 0;
    %ix/load 5, 0, 0;
    %flag_set/imm 4, 0;
    %assign/vec4/off/d v0x63e4fb959b40_0, 4, 5;
    %ix/load 4, 22, 0;
    %flag_set/imm 4, 0;
    %load/vec4a v0x63e4fb9591a0, 4;
    %load/vec4 v0x63e4fb95a0a0_0;
    %part/u 1;
    %ix/load 4, 22, 0;
    %ix/load 5, 0, 0;
    %flag_set/imm 4, 0;
    %assign/vec4/off/d v0x63e4fb959b40_0, 4, 5;
    %ix/load 4, 23, 0;
    %flag_set/imm 4, 0;
    %load/vec4a v0x63e4fb9591a0, 4;
    %load/vec4 v0x63e4fb95a0a0_0;
    %part/u 1;
    %ix/load 4, 23, 0;
    %ix/load 5, 0, 0;
    %flag_set/imm 4, 0;
    %assign/vec4/off/d v0x63e4fb959b40_0, 4, 5;
    %ix/load 4, 24, 0;
    %flag_set/imm 4, 0;
    %load/vec4a v0x63e4fb9591a0, 4;
    %load/vec4 v0x63e4fb95a0a0_0;
    %part/u 1;
    %ix/load 4, 24, 0;
    %ix/load 5, 0, 0;
    %flag_set/imm 4, 0;
    %assign/vec4/off/d v0x63e4fb959b40_0, 4, 5;
    %ix/load 4, 25, 0;
    %flag_set/imm 4, 0;
    %load/vec4a v0x63e4fb9591a0, 4;
    %load/vec4 v0x63e4fb95a0a0_0;
    %part/u 1;
    %ix/load 4, 25, 0;
    %ix/load 5, 0, 0;
    %flag_set/imm 4, 0;
    %assign/vec4/off/d v0x63e4fb959b40_0, 4, 5;
    %ix/load 4, 26, 0;
    %flag_set/imm 4, 0;
    %load/vec4a v0x63e4fb9591a0, 4;
    %load/vec4 v0x63e4fb95a0a0_0;
    %part/u 1;
    %ix/load 4, 26, 0;
    %ix/load 5, 0, 0;
    %flag_set/imm 4, 0;
    %assign/vec4/off/d v0x63e4fb959b40_0, 4, 5;
    %ix/load 4, 27, 0;
    %flag_set/imm 4, 0;
    %load/vec4a v0x63e4fb9591a0, 4;
    %load/vec4 v0x63e4fb95a0a0_0;
    %part/u 1;
    %ix/load 4, 27, 0;
    %ix/load 5, 0, 0;
    %flag_set/imm 4, 0;
    %assign/vec4/off/d v0x63e4fb959b40_0, 4, 5;
    %ix/load 4, 28, 0;
    %flag_set/imm 4, 0;
    %load/vec4a v0x63e4fb9591a0, 4;
    %load/vec4 v0x63e4fb95a0a0_0;
    %part/u 1;
    %ix/load 4, 28, 0;
    %ix/load 5, 0, 0;
    %flag_set/imm 4, 0;
    %assign/vec4/off/d v0x63e4fb959b40_0, 4, 5;
    %ix/load 4, 29, 0;
    %flag_set/imm 4, 0;
    %load/vec4a v0x63e4fb9591a0, 4;
    %load/vec4 v0x63e4fb95a0a0_0;
    %part/u 1;
    %ix/load 4, 29, 0;
    %ix/load 5, 0, 0;
    %flag_set/imm 4, 0;
    %assign/vec4/off/d v0x63e4fb959b40_0, 4, 5;
    %ix/load 4, 30, 0;
    %flag_set/imm 4, 0;
    %load/vec4a v0x63e4fb9591a0, 4;
    %load/vec4 v0x63e4fb95a0a0_0;
    %part/u 1;
    %ix/load 4, 30, 0;
    %ix/load 5, 0, 0;
    %flag_set/imm 4, 0;
    %assign/vec4/off/d v0x63e4fb959b40_0, 4, 5;
    %ix/load 4, 31, 0;
    %flag_set/imm 4, 0;
    %load/vec4a v0x63e4fb9591a0, 4;
    %load/vec4 v0x63e4fb95a0a0_0;
    %part/u 1;
    %ix/load 4, 31, 0;
    %ix/load 5, 0, 0;
    %flag_set/imm 4, 0;
    %assign/vec4/off/d v0x63e4fb959b40_0, 4, 5;
    %ix/load 4, 32, 0;
    %flag_set/imm 4, 0;
    %load/vec4a v0x63e4fb9591a0, 4;
    %load/vec4 v0x63e4fb95a0a0_0;
    %part/u 1;
    %ix/load 4, 32, 0;
    %ix/load 5, 0, 0;
    %flag_set/imm 4, 0;
    %assign/vec4/off/d v0x63e4fb959b40_0, 4, 5;
    %ix/load 4, 33, 0;
    %flag_set/imm 4, 0;
    %load/vec4a v0x63e4fb9591a0, 4;
    %load/vec4 v0x63e4fb95a0a0_0;
    %part/u 1;
    %ix/load 4, 33, 0;
    %ix/load 5, 0, 0;
    %flag_set/imm 4, 0;
    %assign/vec4/off/d v0x63e4fb959b40_0, 4, 5;
    %ix/load 4, 34, 0;
    %flag_set/imm 4, 0;
    %load/vec4a v0x63e4fb9591a0, 4;
    %load/vec4 v0x63e4fb95a0a0_0;
    %part/u 1;
    %ix/load 4, 34, 0;
    %ix/load 5, 0, 0;
    %flag_set/imm 4, 0;
    %assign/vec4/off/d v0x63e4fb959b40_0, 4, 5;
    %ix/load 4, 35, 0;
    %flag_set/imm 4, 0;
    %load/vec4a v0x63e4fb9591a0, 4;
    %load/vec4 v0x63e4fb95a0a0_0;
    %part/u 1;
    %ix/load 4, 35, 0;
    %ix/load 5, 0, 0;
    %flag_set/imm 4, 0;
    %assign/vec4/off/d v0x63e4fb959b40_0, 4, 5;
    %ix/load 4, 36, 0;
    %flag_set/imm 4, 0;
    %load/vec4a v0x63e4fb9591a0, 4;
    %load/vec4 v0x63e4fb95a0a0_0;
    %part/u 1;
    %ix/load 4, 36, 0;
    %ix/load 5, 0, 0;
    %flag_set/imm 4, 0;
    %assign/vec4/off/d v0x63e4fb959b40_0, 4, 5;
    %ix/load 4, 37, 0;
    %flag_set/imm 4, 0;
    %load/vec4a v0x63e4fb9591a0, 4;
    %load/vec4 v0x63e4fb95a0a0_0;
    %part/u 1;
    %ix/load 4, 37, 0;
    %ix/load 5, 0, 0;
    %flag_set/imm 4, 0;
    %assign/vec4/off/d v0x63e4fb959b40_0, 4, 5;
    %ix/load 4, 38, 0;
    %flag_set/imm 4, 0;
    %load/vec4a v0x63e4fb9591a0, 4;
    %load/vec4 v0x63e4fb95a0a0_0;
    %part/u 1;
    %ix/load 4, 38, 0;
    %ix/load 5, 0, 0;
    %flag_set/imm 4, 0;
    %assign/vec4/off/d v0x63e4fb959b40_0, 4, 5;
    %ix/load 4, 39, 0;
    %flag_set/imm 4, 0;
    %load/vec4a v0x63e4fb9591a0, 4;
    %load/vec4 v0x63e4fb95a0a0_0;
    %part/u 1;
    %ix/load 4, 39, 0;
    %ix/load 5, 0, 0;
    %flag_set/imm 4, 0;
    %assign/vec4/off/d v0x63e4fb959b40_0, 4, 5;
    %ix/load 4, 40, 0;
    %flag_set/imm 4, 0;
    %load/vec4a v0x63e4fb9591a0, 4;
    %load/vec4 v0x63e4fb95a0a0_0;
    %part/u 1;
    %ix/load 4, 40, 0;
    %ix/load 5, 0, 0;
    %flag_set/imm 4, 0;
    %assign/vec4/off/d v0x63e4fb959b40_0, 4, 5;
    %ix/load 4, 41, 0;
    %flag_set/imm 4, 0;
    %load/vec4a v0x63e4fb9591a0, 4;
    %load/vec4 v0x63e4fb95a0a0_0;
    %part/u 1;
    %ix/load 4, 41, 0;
    %ix/load 5, 0, 0;
    %flag_set/imm 4, 0;
    %assign/vec4/off/d v0x63e4fb959b40_0, 4, 5;
    %ix/load 4, 42, 0;
    %flag_set/imm 4, 0;
    %load/vec4a v0x63e4fb9591a0, 4;
    %load/vec4 v0x63e4fb95a0a0_0;
    %part/u 1;
    %ix/load 4, 42, 0;
    %ix/load 5, 0, 0;
    %flag_set/imm 4, 0;
    %assign/vec4/off/d v0x63e4fb959b40_0, 4, 5;
    %ix/load 4, 43, 0;
    %flag_set/imm 4, 0;
    %load/vec4a v0x63e4fb9591a0, 4;
    %load/vec4 v0x63e4fb95a0a0_0;
    %part/u 1;
    %ix/load 4, 43, 0;
    %ix/load 5, 0, 0;
    %flag_set/imm 4, 0;
    %assign/vec4/off/d v0x63e4fb959b40_0, 4, 5;
    %ix/load 4, 44, 0;
    %flag_set/imm 4, 0;
    %load/vec4a v0x63e4fb9591a0, 4;
    %load/vec4 v0x63e4fb95a0a0_0;
    %part/u 1;
    %ix/load 4, 44, 0;
    %ix/load 5, 0, 0;
    %flag_set/imm 4, 0;
    %assign/vec4/off/d v0x63e4fb959b40_0, 4, 5;
    %ix/load 4, 45, 0;
    %flag_set/imm 4, 0;
    %load/vec4a v0x63e4fb9591a0, 4;
    %load/vec4 v0x63e4fb95a0a0_0;
    %part/u 1;
    %ix/load 4, 45, 0;
    %ix/load 5, 0, 0;
    %flag_set/imm 4, 0;
    %assign/vec4/off/d v0x63e4fb959b40_0, 4, 5;
    %ix/load 4, 46, 0;
    %flag_set/imm 4, 0;
    %load/vec4a v0x63e4fb9591a0, 4;
    %load/vec4 v0x63e4fb95a0a0_0;
    %part/u 1;
    %ix/load 4, 46, 0;
    %ix/load 5, 0, 0;
    %flag_set/imm 4, 0;
    %assign/vec4/off/d v0x63e4fb959b40_0, 4, 5;
    %ix/load 4, 47, 0;
    %flag_set/imm 4, 0;
    %load/vec4a v0x63e4fb9591a0, 4;
    %load/vec4 v0x63e4fb95a0a0_0;
    %part/u 1;
    %ix/load 4, 47, 0;
    %ix/load 5, 0, 0;
    %flag_set/imm 4, 0;
    %assign/vec4/off/d v0x63e4fb959b40_0, 4, 5;
    %ix/load 4, 48, 0;
    %flag_set/imm 4, 0;
    %load/vec4a v0x63e4fb9591a0, 4;
    %load/vec4 v0x63e4fb95a0a0_0;
    %part/u 1;
    %ix/load 4, 48, 0;
    %ix/load 5, 0, 0;
    %flag_set/imm 4, 0;
    %assign/vec4/off/d v0x63e4fb959b40_0, 4, 5;
    %ix/load 4, 49, 0;
    %flag_set/imm 4, 0;
    %load/vec4a v0x63e4fb9591a0, 4;
    %load/vec4 v0x63e4fb95a0a0_0;
    %part/u 1;
    %ix/load 4, 49, 0;
    %ix/load 5, 0, 0;
    %flag_set/imm 4, 0;
    %assign/vec4/off/d v0x63e4fb959b40_0, 4, 5;
    %ix/load 4, 50, 0;
    %flag_set/imm 4, 0;
    %load/vec4a v0x63e4fb9591a0, 4;
    %load/vec4 v0x63e4fb95a0a0_0;
    %part/u 1;
    %ix/load 4, 50, 0;
    %ix/load 5, 0, 0;
    %flag_set/imm 4, 0;
    %assign/vec4/off/d v0x63e4fb959b40_0, 4, 5;
    %ix/load 4, 51, 0;
    %flag_set/imm 4, 0;
    %load/vec4a v0x63e4fb9591a0, 4;
    %load/vec4 v0x63e4fb95a0a0_0;
    %part/u 1;
    %ix/load 4, 51, 0;
    %ix/load 5, 0, 0;
    %flag_set/imm 4, 0;
    %assign/vec4/off/d v0x63e4fb959b40_0, 4, 5;
    %ix/load 4, 52, 0;
    %flag_set/imm 4, 0;
    %load/vec4a v0x63e4fb9591a0, 4;
    %load/vec4 v0x63e4fb95a0a0_0;
    %part/u 1;
    %ix/load 4, 52, 0;
    %ix/load 5, 0, 0;
    %flag_set/imm 4, 0;
    %assign/vec4/off/d v0x63e4fb959b40_0, 4, 5;
    %ix/load 4, 53, 0;
    %flag_set/imm 4, 0;
    %load/vec4a v0x63e4fb9591a0, 4;
    %load/vec4 v0x63e4fb95a0a0_0;
    %part/u 1;
    %ix/load 4, 53, 0;
    %ix/load 5, 0, 0;
    %flag_set/imm 4, 0;
    %assign/vec4/off/d v0x63e4fb959b40_0, 4, 5;
    %ix/load 4, 54, 0;
    %flag_set/imm 4, 0;
    %load/vec4a v0x63e4fb9591a0, 4;
    %load/vec4 v0x63e4fb95a0a0_0;
    %part/u 1;
    %ix/load 4, 54, 0;
    %ix/load 5, 0, 0;
    %flag_set/imm 4, 0;
    %assign/vec4/off/d v0x63e4fb959b40_0, 4, 5;
    %ix/load 4, 55, 0;
    %flag_set/imm 4, 0;
    %load/vec4a v0x63e4fb9591a0, 4;
    %load/vec4 v0x63e4fb95a0a0_0;
    %part/u 1;
    %ix/load 4, 55, 0;
    %ix/load 5, 0, 0;
    %flag_set/imm 4, 0;
    %assign/vec4/off/d v0x63e4fb959b40_0, 4, 5;
    %ix/load 4, 56, 0;
    %flag_set/imm 4, 0;
    %load/vec4a v0x63e4fb9591a0, 4;
    %load/vec4 v0x63e4fb95a0a0_0;
    %part/u 1;
    %ix/load 4, 56, 0;
    %ix/load 5, 0, 0;
    %flag_set/imm 4, 0;
    %assign/vec4/off/d v0x63e4fb959b40_0, 4, 5;
    %ix/load 4, 57, 0;
    %flag_set/imm 4, 0;
    %load/vec4a v0x63e4fb9591a0, 4;
    %load/vec4 v0x63e4fb95a0a0_0;
    %part/u 1;
    %ix/load 4, 57, 0;
    %ix/load 5, 0, 0;
    %flag_set/imm 4, 0;
    %assign/vec4/off/d v0x63e4fb959b40_0, 4, 5;
    %ix/load 4, 58, 0;
    %flag_set/imm 4, 0;
    %load/vec4a v0x63e4fb9591a0, 4;
    %load/vec4 v0x63e4fb95a0a0_0;
    %part/u 1;
    %ix/load 4, 58, 0;
    %ix/load 5, 0, 0;
    %flag_set/imm 4, 0;
    %assign/vec4/off/d v0x63e4fb959b40_0, 4, 5;
    %ix/load 4, 59, 0;
    %flag_set/imm 4, 0;
    %load/vec4a v0x63e4fb9591a0, 4;
    %load/vec4 v0x63e4fb95a0a0_0;
    %part/u 1;
    %ix/load 4, 59, 0;
    %ix/load 5, 0, 0;
    %flag_set/imm 4, 0;
    %assign/vec4/off/d v0x63e4fb959b40_0, 4, 5;
    %ix/load 4, 60, 0;
    %flag_set/imm 4, 0;
    %load/vec4a v0x63e4fb9591a0, 4;
    %load/vec4 v0x63e4fb95a0a0_0;
    %part/u 1;
    %ix/load 4, 60, 0;
    %ix/load 5, 0, 0;
    %flag_set/imm 4, 0;
    %assign/vec4/off/d v0x63e4fb959b40_0, 4, 5;
    %ix/load 4, 61, 0;
    %flag_set/imm 4, 0;
    %load/vec4a v0x63e4fb9591a0, 4;
    %load/vec4 v0x63e4fb95a0a0_0;
    %part/u 1;
    %ix/load 4, 61, 0;
    %ix/load 5, 0, 0;
    %flag_set/imm 4, 0;
    %assign/vec4/off/d v0x63e4fb959b40_0, 4, 5;
    %ix/load 4, 62, 0;
    %flag_set/imm 4, 0;
    %load/vec4a v0x63e4fb9591a0, 4;
    %load/vec4 v0x63e4fb95a0a0_0;
    %part/u 1;
    %ix/load 4, 62, 0;
    %ix/load 5, 0, 0;
    %flag_set/imm 4, 0;
    %assign/vec4/off/d v0x63e4fb959b40_0, 4, 5;
    %ix/load 4, 63, 0;
    %flag_set/imm 4, 0;
    %load/vec4a v0x63e4fb9591a0, 4;
    %load/vec4 v0x63e4fb95a0a0_0;
    %part/u 1;
    %ix/load 4, 63, 0;
    %ix/load 5, 0, 0;
    %flag_set/imm 4, 0;
    %assign/vec4/off/d v0x63e4fb959b40_0, 4, 5;
    %jmp T_12;
    .thread T_12;
    .scope S_0x63e4fb917890;
T_13 ;
    %pushi/vec4 0, 0, 1;
    %store/vec4 v0x63e4fb95cc10_0, 0, 1;
    %pushi/vec4 0, 0, 1;
    %store/vec4 v0x63e4fb95ca50_0, 0, 1;
    %pushi/vec4 1, 0, 1;
    %store/vec4 v0x63e4fb95c8b0_0, 0, 1;
    %pushi/vec4 0, 0, 1;
    %store/vec4 v0x63e4fb95c7e0_0, 0, 1;
    %pushi/vec4 0, 0, 32;
    %store/vec4 v0x63e4fb95c9b0_0, 0, 32;
    %pushi/vec4 0, 0, 32;
    %store/vec4 v0x63e4fb95d430_0, 0, 32;
    %end;
    .thread T_13, $init;
    .scope S_0x63e4fb917890;
T_14 ;
    %delay 5000, 0;
    %load/vec4 v0x63e4fb95ca50_0;
    %inv;
    %store/vec4 v0x63e4fb95ca50_0, 0, 1;
    %jmp T_14;
    .thread T_14;
    .scope S_0x63e4fb917890;
T_15 ;
    %vpi_call/w 3 47 "$dumpfile", "spi_input_tb.vcd" {0 0 0};
    %vpi_call/w 3 48 "$dumpvars", 32'sb00000000000000000000000000000000, S_0x63e4fb917890 {0 0 0};
    %vpi_call/w 3 49 "$display", "Starting spi_input_tb" {0 0 0};
    %end;
    .thread T_15;
    .scope S_0x63e4fb917890;
T_16 ;
    %wait E_0x63e4fb8f6690;
    %load/vec4 v0x63e4fb95cf50_0;
    %load/vec4 v0x63e4fb95c8b0_0;
    %cmp/ne;
    %jmp/0xz  T_16.0, 6;
    %load/vec4 v0x63e4fb95c9b0_0;
    %addi 1, 0, 32;
    %store/vec4 v0x63e4fb95c9b0_0, 0, 32;
    %vpi_call/w 3 155 "$display", "[ERROR] pmod_sel mismatch" {0 0 0};
T_16.0 ;
    %load/vec4 v0x63e4fb95cdb0_0;
    %load/vec4 v0x63e4fb95c7e0_0;
    %cmp/ne;
    %jmp/0xz  T_16.2, 6;
    %load/vec4 v0x63e4fb95c9b0_0;
    %addi 1, 0, 32;
    %store/vec4 v0x63e4fb95c9b0_0, 0, 32;
    %vpi_call/w 3 159 "$display", "[ERROR] pmod_MOSI mismatch" {0 0 0};
T_16.2 ;
    %load/vec4 v0x63e4fb95cce0_0;
    %load/vec4 v0x63e4fb95c720_0;
    %cmp/ne;
    %jmp/0xz  T_16.4, 6;
    %load/vec4 v0x63e4fb95c9b0_0;
    %addi 1, 0, 32;
    %store/vec4 v0x63e4fb95c9b0_0, 0, 32;
    %vpi_call/w 3 163 "$display", "[ERROR] pmod_MISO mismatch" {0 0 0};
T_16.4 ;
    %load/vec4 v0x63e4fb95ce80_0;
    %load/vec4 v0x63e4fb95cc10_0;
    %cmp/ne;
    %jmp/0xz  T_16.6, 6;
    %load/vec4 v0x63e4fb95c9b0_0;
    %addi 1, 0, 32;
    %store/vec4 v0x63e4fb95c9b0_0, 0, 32;
    %vpi_call/w 3 167 "$display", "[ERROR] pmod_piclk mismatch" {0 0 0};
T_16.6 ;
    %jmp T_16;
    .thread T_16;
    .scope S_0x63e4fb917890;
T_17 ;
    %wait E_0x63e4fb8f55a0;
    %load/vec4 v0x63e4fb95d430_0;
    %addi 1, 0, 32;
    %store/vec4 v0x63e4fb95d430_0, 0, 32;
    %jmp T_17;
    .thread T_17;
    .scope S_0x63e4fb917890;
T_18 ;
    %fork t_1, S_0x63e4fb91aa40;
    %jmp t_0;
    .scope S_0x63e4fb91aa40;
t_1 ;
    %pushi/vec4 0, 0, 1;
    %store/vec4 v0x63e4fb95cc10_0, 0, 1;
    %pushi/vec4 1, 0, 1;
    %store/vec4 v0x63e4fb95c8b0_0, 0, 1;
    %pushi/vec4 0, 0, 1;
    %store/vec4 v0x63e4fb95c7e0_0, 0, 1;
    %pushi/vec4 20, 0, 32;
T_18.0 %dup/vec4;
    %pushi/vec4 0, 0, 32;
    %cmp/s;
    %jmp/1xz T_18.1, 5;
    %jmp/1 T_18.1, 4;
    %pushi/vec4 1, 0, 32;
    %sub;
    %wait E_0x63e4fb8f6690;
    %jmp T_18.0;
T_18.1 ;
    %pop/vec4 1;
    %alloc S_0x63e4fb95c1c0;
    %pushi/vec4 0, 0, 6;
    %store/vec4 v0x63e4fb95c3a0_0, 0, 6;
    %pushi/vec4 10, 0, 4;
    %store/vec4 v0x63e4fb95c580_0, 0, 4;
    %fork TD_spi_input_tb.spi_write, S_0x63e4fb95c1c0;
    %join;
    %free S_0x63e4fb95c1c0;
    %alloc S_0x63e4fb958170;
    %pushi/vec4 10, 0, 4;
    %store/vec4 v0x63e4fb91c100_0, 0, 4;
    %fork TD_spi_input_tb.check_rpi_ios, S_0x63e4fb958170;
    %join;
    %free S_0x63e4fb958170;
    %alloc S_0x63e4fb95ac50;
    %pushi/vec4 0, 0, 32;
    %store/vec4 v0x63e4fb95b0c0_0, 0, 32;
    %pushi/vec4 10, 0, 4;
    %store/vec4 v0x63e4fb95af20_0, 0, 4;
    %fork TD_spi_input_tb.sample_output_pin, S_0x63e4fb95ac50;
    %join;
    %free S_0x63e4fb95ac50;
    %alloc S_0x63e4fb95c1c0;
    %pushi/vec4 1, 0, 6;
    %store/vec4 v0x63e4fb95c3a0_0, 0, 6;
    %pushi/vec4 5, 0, 4;
    %store/vec4 v0x63e4fb95c580_0, 0, 4;
    %fork TD_spi_input_tb.spi_write, S_0x63e4fb95c1c0;
    %join;
    %free S_0x63e4fb95c1c0;
    %alloc S_0x63e4fb95ac50;
    %pushi/vec4 1, 0, 32;
    %store/vec4 v0x63e4fb95b0c0_0, 0, 32;
    %pushi/vec4 5, 0, 4;
    %store/vec4 v0x63e4fb95af20_0, 0, 4;
    %fork TD_spi_input_tb.sample_output_pin, S_0x63e4fb95ac50;
    %join;
    %free S_0x63e4fb95ac50;
    %alloc S_0x63e4fb95c1c0;
    %pushi/vec4 3, 0, 6;
    %store/vec4 v0x63e4fb95c3a0_0, 0, 6;
    %pushi/vec4 15, 0, 4;
    %store/vec4 v0x63e4fb95c580_0, 0, 4;
    %fork TD_spi_input_tb.spi_write, S_0x63e4fb95c1c0;
    %join;
    %free S_0x63e4fb95c1c0;
    %alloc S_0x63e4fb95ac50;
    %pushi/vec4 3, 0, 32;
    %store/vec4 v0x63e4fb95b0c0_0, 0, 32;
    %pushi/vec4 15, 0, 4;
    %store/vec4 v0x63e4fb95af20_0, 0, 4;
    %fork TD_spi_input_tb.sample_output_pin, S_0x63e4fb95ac50;
    %join;
    %free S_0x63e4fb95ac50;
    %alloc S_0x63e4fb95b610;
    %pushi/vec4 0, 0, 6;
    %store/vec4 v0x63e4fb95b7f0_0, 0, 6;
    %fork TD_spi_input_tb.spi_read, S_0x63e4fb95b610;
    %join;
    %load/vec4 v0x63e4fb95b9d0_0;
    %store/vec4 v0x63e4fb91bc20_0, 0, 12;
    %free S_0x63e4fb95b610;
    %load/vec4 v0x63e4fb91bc20_0;
    %cmpi/ne 10, 0, 12;
    %jmp/0xz  T_18.2, 6;
    %load/vec4 v0x63e4fb95c9b0_0;
    %addi 1, 0, 32;
    %store/vec4 v0x63e4fb95c9b0_0, 0, 32;
    %vpi_call/w 3 197 "$display", "[ERROR] Readback mismatch addr0 expected 00A got %03h", v0x63e4fb91bc20_0 {0 0 0};
    %jmp T_18.3;
T_18.2 ;
    %vpi_call/w 3 199 "$display", "[INFO] Readback addr0 OK (%03h)", v0x63e4fb91bc20_0 {0 0 0};
T_18.3 ;
    %alloc S_0x63e4fb95b610;
    %pushi/vec4 1, 0, 6;
    %store/vec4 v0x63e4fb95b7f0_0, 0, 6;
    %fork TD_spi_input_tb.spi_read, S_0x63e4fb95b610;
    %join;
    %load/vec4 v0x63e4fb95b9d0_0;
    %store/vec4 v0x63e4fb91bc20_0, 0, 12;
    %free S_0x63e4fb95b610;
    %load/vec4 v0x63e4fb91bc20_0;
    %cmpi/ne 5, 0, 12;
    %jmp/0xz  T_18.4, 6;
    %load/vec4 v0x63e4fb95c9b0_0;
    %addi 1, 0, 32;
    %store/vec4 v0x63e4fb95c9b0_0, 0, 32;
    %vpi_call/w 3 205 "$display", "[ERROR] Readback mismatch addr1 expected 005 got %03h", v0x63e4fb91bc20_0 {0 0 0};
    %jmp T_18.5;
T_18.4 ;
    %vpi_call/w 3 207 "$display", "[INFO] Readback addr1 OK (%03h)", v0x63e4fb91bc20_0 {0 0 0};
T_18.5 ;
    %load/vec4 v0x63e4fb95d430_0;
    %cmpi/e 0, 0, 32;
    %jmp/0xz  T_18.6, 4;
    %load/vec4 v0x63e4fb95c9b0_0;
    %addi 1, 0, 32;
    %store/vec4 v0x63e4fb95c9b0_0, 0, 32;
    %vpi_call/w 3 212 "$display", "[ERROR] pmod_sync never toggled" {0 0 0};
    %jmp T_18.7;
T_18.6 ;
    %vpi_call/w 3 214 "$display", "[INFO] Observed %0d sync events", v0x63e4fb95d430_0 {0 0 0};
T_18.7 ;
    %load/vec4 v0x63e4fb95c9b0_0;
    %cmpi/e 0, 0, 32;
    %jmp/0xz  T_18.8, 4;
    %vpi_call/w 3 218 "$display", "TEST PASSED" {0 0 0};
    %jmp T_18.9;
T_18.8 ;
    %vpi_call/w 3 220 "$display", "TEST FAILED with %0d errors", v0x63e4fb95c9b0_0 {0 0 0};
T_18.9 ;
    %vpi_call/w 3 223 "$finish" {0 0 0};
    %end;
    .scope S_0x63e4fb917890;
t_0 %join;
    %end;
    .thread T_18;
# The file index is used to find the file name in the following table.
:file_names 5;
    "N/A";
    "<interactive>";
    "-";
    "spi_input_tb.v";
    "../src/spi_input.v";
